// Jest Snapshot v1, https://goo.gl/fbAQLP

exports[`MoviesService should favorite a movie 1`] = `[]`;
