// Jest Snapshot v1, https://goo.gl/fbAQLP

exports[`useListFavoriteMovies should list favorite movies 1`] = `
{
  "isError": false,
  "isLoading": false,
  "list": null,
}
`;
